<html>
<body>
<pre>
<h1>µVision Build Log</h1>
<h2>Tool Versions:</h2>
IDE-Version: µVision V5.36.0.0
Copyright (C) 2021 ARM Ltd and ARM Germany GmbH. All rights reserved.
License Information: siavash iranpak, radshid, LIC=MPPLD-8K0SX-8TW3P-MZXPC-7BGK9-SEEGE
 
Tool Versions:
Toolchain:       MDK-ARM Plus  Version: 5.36.0.0
Toolchain Path:  C:\Keil_v5\ARM\ARMCC\Bin
C Compiler:      Armcc.exe V5.06 update 7 (build 960)
Assembler:       Armasm.exe V5.06 update 7 (build 960)
Linker/Locator:  ArmLink.exe V5.06 update 7 (build 960)
Library Manager: ArmAr.exe V5.06 update 7 (build 960)
Hex Converter:   FromElf.exe V5.06 update 7 (build 960)
CPU DLL:         SARMCM3.DLL V5.36.0.0
Dialog DLL:      DCM.DLL V1.17.3.0
Target DLL:      STLink\ST-LINKIII-KEIL_SWO.dll V3.0.9.0
Dialog DLL:      TCM.DLL V1.53.0.0
 
<h2>Project:</h2>
C:\Users\TarahiPC01\Documents\projects\STM32F103RET6\Wave Player_LCD\MDK-ARM\Wave Player.uvprojx
Project File Date:  02/26/2022

<h2>Output:</h2>
*** Using Compiler 'V5.06 update 7 (build 960)', folder: 'C:\Keil_v5\ARM\ARMCC\Bin'
Rebuild target 'Wave Player'
assembling startup_stm32f103xe.s...
compiling stdio_usart1.c...
compiling main.c...
compiling stm32f1xx_it.c...
compiling stm32f1xx_ll_gpio.c...
compiling stm32f1xx_ll_dac.c...
compiling stm32f1xx_ll_dma.c...
compiling stm32f1xx_ll_rcc.c...
compiling stm32f1xx_ll_utils.c...
compiling stm32f1xx_ll_exti.c...
compiling stm32f1xx_ll_spi.c...
compiling stm32f1xx_ll_pwr.c...
compiling stm32f1xx_ll_tim.c...
compiling stm32f1xx_ll_usart.c...
compiling system_stm32f1xx.c...
compiling ff.c...
compiling ffsystem.c...
compiling ffunicode.c...
compiling mmc_stm32f1_spi.c...
..\Core\fatfs\mmc_stm32f1_spi.c(133): warning:  #61-D: integer operation result is out of range
        SPIxENABLE();           /* Enable SPI function */
..\Core\fatfs\mmc_stm32f1_spi.c(133): warning:  #61-D: integer operation result is out of range
        SPIxENABLE();           /* Enable SPI function */
..\Core\fatfs\mmc_stm32f1_spi.c(133): warning:  #68-D: integer conversion resulted in a change of sign
        SPIxENABLE();           /* Enable SPI function */
..\Core\fatfs\mmc_stm32f1_spi.c: 3 warnings, 0 errors
compiling SD_Utility.c...
compiling WAV_Handler.c...
..\Core\wavePlayer\WAV_Handler.c(89): warning:  #167-D: argument of type "__packed uint8_t *" is incompatible with parameter of type "const char *"
                if( (strncmp(wav1HeaderPtr->signatureHeader.ChunkID, "RIFF", 4) != 0) ||  
..\Core\wavePlayer\WAV_Handler.c(90): warning:  #167-D: argument of type "__packed uint8_t *" is incompatible with parameter of type "const char *"
                                (strncmp(wav1HeaderPtr->signatureHeader.Format , "WAVE", 4) != 0) )
..\Core\wavePlayer\WAV_Handler.c: 2 warnings, 0 errors
compiling nokia1661_lcd_driver.c...
compiling waveplayer_LCD_Utility.c...
compiling retarget_io.c...
linking...
Program Size: Code=20628 RO-data=18372 RW-data=80 ZI-data=10008  
FromELF: creating hex file...
"Wave Player\Wave Player.axf" - 0 Error(s), 5 Warning(s).

<h2>Software Packages used:</h2>

Package Vendor: ARM
                http://www.keil.com/pack/ARM.CMSIS.5.8.0.pack
                ARM.CMSIS.5.8.0
                CMSIS (Common Microcontroller Software Interface Standard)
   * Component: CORE Version: 5.5.0

Package Vendor: Keil
                http://www.keil.com/pack/Keil.ARM_Compiler.1.6.3.pack
                Keil.ARM_Compiler.1.6.3
                Keil ARM Compiler extensions for ARM Compiler 5 and ARM Compiler 6
   * Component: STDOUT Variant: User Version: 1.2.0

Package Vendor: Keil
                http://www.keil.com/pack/Keil.STM32F1xx_DFP.2.3.0.pack
                Keil.STM32F1xx_DFP.2.3.0
                STMicroelectronics STM32F1 Series Device Support, Drivers and Examples

<h2>Collection of Component include folders:</h2>
  .\RTE\_Wave_Player
  C:\Users\TarahiPC01\AppData\Local\Arm\Packs\ARM\CMSIS\5.8.0\CMSIS\Core\Include
  C:\Users\TarahiPC01\AppData\Local\Arm\Packs\Keil\STM32F1xx_DFP\2.3.0\Device\Include

<h2>Collection of Component Files used:</h2>

   * Component: ARM::CMSIS:CORE:5.5.0
      Include file:  CMSIS\Core\Include\tz_context.h

   * Component: Keil.ARM Compiler::Compiler:I/O:STDOUT:User:1.2.0
      Source file:   Template\stdout_display.c
      Source file:   Template\stdout_USART.c
      Source file:   Template\stdout_user.c
      Source file:   Source\retarget_io.c
Build Time Elapsed:  00:00:17
</pre>
</body>
</html>
